// Jest Snapshot v1, https://goo.gl/fbAQLP

exports[`Trail.vue renders the Trail component 1`] = `"<div class=\\"v-card\\"><div class=\\"white--text v-card__media\\" style=\\"height: 200px;\\"><div class=\\"v-card__media__content\\"><div class=\\"container fill-height fluid\\"><div class=\\"layout fill-height\\"><div class=\\"flex xs12 align-end flexbox\\"><span class=\\"headline\\"></span></div></div></div></div></div> <div class=\\"v-card__actions\\"><button type=\\"button\\" class=\\"v-btn v-btn--icon\\"><div class=\\"v-btn__content\\"><i aria-hidden=\\"true\\" class=\\"v-icon default--text material-icons\\">favorite</i></div></button> <button type=\\"button\\" class=\\"v-btn v-btn--icon\\"><div class=\\"v-btn__content\\"><i aria-hidden=\\"true\\" class=\\"v-icon material-icons\\">bookmark</i></div></button> <div class=\\"spacer\\"></div> <span class=\\"v-tooltip v-tooltip--bottom\\"><div class=\\"v-tooltip__content\\" style=\\"left: 0px; max-width: auto; opacity: 0; top: 12px; z-index: 0; display: none;\\"> <span>Iniciar trilha</span></div><span><button type=\\"button\\" class=\\"v-btn v-btn--icon\\"><div class=\\"v-btn__content\\"><i aria-hidden=\\"true\\" class=\\"v-icon material-icons\\">near_me</i></div></button></span></span></div></div>"`;
