// Jest Snapshot v1, https://goo.gl/fbAQLP

exports[`Dashboard.vue renders the Dashboard component 1`] = `
VueWrapper {
  "_emitted": Object {},
  "_emittedByOrder": Array [],
  "isFunctionalComponent": undefined,
  "version": 2.5,
}
`;
